// Jest Snapshot v1, https://goo.gl/fbAQLP

exports[`compose case 1 1`] = `
<div>
  <div>
    <h1>
      A
    </h1>
  </div>
</div>
`;

exports[`compose case 2 1`] = `
<div>
  <div>
    <h1>
      A
    </h1>
    <div>
      <h1>
        B
      </h1>
    </div>
  </div>
</div>
`;

exports[`compose case 3 1`] = `
<div>
  <div>
    <h1>
      A
    </h1>
  </div>
</div>
`;

exports[`compose case 4 1`] = `
<div>
  <div>
    <h1>
      A
    </h1>
    <div>
      <h1>
        B
      </h1>
      <div>
        <h1>
          C
        </h1>
      </div>
    </div>
  </div>
</div>
`;

exports[`compose case 5 1`] = `
<div>
  <div>
    <h1>
      A 
    </h1>
    <div>
      <h1>
        B 
        1
      </h1>
      <div>
        <h1>
          C
        </h1>
      </div>
    </div>
  </div>
</div>
`;
